// This file was auto-generated by ML.NET Model Builder. 

using System;
using System.IO;
using System.Linq;
using Microsoft.ML;
using Namespace.Model;

namespace Namespace.ConsoleApp
{
    class Program
    {
        //Dataset to use for predictions 
        private const string DATA_FILEPATH = @"/path";

        static void Main(string[] args)
        {
            // Create single instance of sample data from first line of dataset for model input
            ModelInput sampleData = new ModelInput()
            {
                key1="key1",
                key2="key2",
                key3="key\"3",
            };

			// Make a single prediction on the sample data and print results
			var predictionResult = ConsumeModel.Predict(sampleData);

			Console.WriteLine("Using model to make single prediction -- Comparing actual LabelName with predicted LabelName from sample data...\n\n");
            Console.WriteLine("=============== End of process, hit any key to finish ===============");
            Console.ReadKey();
        }
    }
}
